// Jest Snapshot v1, https://goo.gl/fbAQLP

exports[`sortYAML does not enforce a certain line width 1`] = `
"# The "yaml" package uses a default line width of 80 which we usually don't want
# https://github.com/eemeli/yaml/blob/v2.8.0/src/stringify/foldFlowLines.ts#L18-L19
terraform:
  url: 'https://releases.hashicorp.com/terraform/1.5.7/terraform_1.5.7_linux_amd64.zip'
  zz: asdf
"
`;

exports[`sortYAML preserves comments when sorting YAML input 1`] = `
"variables:
  A_VARIABLE: 'true' # Comment A
  B_VARIABLE: 'true' # Comment B
  C_VARIABLE: 'true' # Comment C
"
`;

exports[`sortYAML preserves leading whitespace 1`] = `
"      action:
        allow: true
      scope: 'authentication'
      zIndex: -999
"
`;

exports[`sortYAML sorts YAML sequences with value objects 1`] = `
"resourceServers:
  - allow_offline_access: true
    enforce_policies: true
    identifier: https://bennycode.com/
    name: Logical API
    scopes:
      - value: abc:edit
      - value: abc:manage
      - value: abc:read
      - value: abc:view"
`;

exports[`sortYAML sorts a list of dictionaries 1`] = `
"# Inspired from:
# https://github.com/auth0/auth0-deploy-cli/blob/v8.8.2/examples/yaml/tenant.yaml
networkACLs:
  - active: true
    description: 'Allow Specific Countries'
    priority: 2
    rule:
      action:
        allow: true
      match:
        geo_country_codes: [ 'CA', 'US' ]
      scope: 'authentication'
      zIndex: -999
  - app_type: native
    mobile:
      android:
        # Test Comment
        app_package_name: com.my.android.id
    name: 'an app'
  - html: 'pages/login.html'
    name: 'login'
"
`;
